---
source: tests/shims_test.rs
expression: "std::fs::read_to_string(sandbox.path().join(\".proto/bin\").join(\"bunx\")).unwrap()"
---
#!/usr/bin/env bash
set -e
[ -n "$PROTO_DEBUG" ] && set -x



exec proto run bun-test -- x "$@" 


